OK 001 pdf-merge -> InfinityConverter-Merged.pdf 7571185
OK 002 pdf-split -> InfinityConverter-Batch.zip 54167
OK 003 pdf-extract-pages -> doc-extracted.pdf 3785115
OK 004 pdf-delete-pages -> doc-edited.pdf 3785115
OK 005 pdf-rotate -> doc-rotated.pdf 3785747
OK 006 pdf-compress -> doc-compressed.pdf 52993
OK 007 pdf-to-jpg -> InfinityConverter-Batch.zip 80976
OK 008 pdf-to-png -> InfinityConverter-Batch.zip 71973
OK 009 image-to-pdf -> InfinityConverter-Images.pdf 134213
OK 010 pdf-to-text -> doc.txt 264
OK 011 pdf-to-html -> doc.html 70800
OK 012 pdf-metadata -> doc-metadata.json 56
OK 013 pdf-booklet -> doc-booklet.pdf 54204
OK 014 lms-pdf-size-optimizer -> doc-lms-optimized.pdf 24382
OK 015 assignment-cover-page -> InfinityConverter-Assignment-Cover.pdf 3329
OK 016 omr-bubble-sheet -> InfinityConverter-OMR-Sheet.pdf 80997
OK 017 pdf-reorder-pages -> doc-reordered.pdf 3785744
OK 018 pdf-rotate-selected -> doc-rotated-pages.pdf 3785745
OK 019 pdf-page-numbers -> doc-numbered.pdf 53970
OK 020 pdf-watermark-text -> doc-watermarked.pdf 53760
OK 021 pdf-grayscale -> doc-grayscale.pdf 40827
OK 022 pdf-remove-blank-pages -> doc-no-blank.pdf 53454
OK 023 pdf-crop-margins -> doc-cropped.pdf 53535
OK 024 pdf-poster-split -> doc-poster-tiles.pdf 58120
OK 025 pdf-contact-sheet -> doc-contact-sheet.pdf 54609
OK 026 pdf-password-protect -> doc-protected.pdf 3786154
OK 027 pdf-to-docx -> doc.docx 36688
OK 028 pdf-to-markdown -> doc.md 295
OK 029 pdf-compare -> InfinityConverter-PDF-Diff.txt 51
OK 030 pdf-repair -> doc-repaired.pdf 52993
OK 031 pdf-image-extract -> InfinityConverter-Batch.zip 45951
OK 032 pdf-links-report -> doc-links.json 121
OK 033 pdf-annotations-report -> doc-annotations.json 23
OK 034 pdf-page-size-report -> doc-page-sizes.json 439
OK 035 pdf-redact -> doc-redacted.pdf 53197
OK 036 pdf-unlock -> locked-unlocked.pdf 476
OK 037 image-to-jpg -> image.jpg 69181
OK 038 image-to-png -> image.png 122429
OK 039 image-to-webp -> image.webp 32038
OK 040 image-resize -> image-resized.jpg 69181
OK 041 image-compress -> image-compressed.jpg 47621
OK 042 image-rotate -> image-rotated.jpg 68137
OK 043 social-media-image-resizer -> image-social.png 101707
OK 044 quote-social-graphic -> InfinityConverter-Quote.png 13749
OK 045 image-crop -> image-cropped.png 55506
OK 046 image-flip -> image-flipped.png 55594
OK 047 image-grayscale -> image-grayscale.png 27274
OK 048 image-sharpen -> image-sharpened.png 35337
OK 049 image-auto-contrast -> image-contrast.jpg 69181
OK 050 image-sepia -> image-sepia.jpg 82339
OK 051 image-strip-metadata -> image-clean.png 55506
OK 052 image-favicon-pack -> InfinityConverter-Batch.zip 58950
OK 053 image-contact-sheet -> image-contact-sheet.jpg 26549
OK 054 image-set-dpi -> image-dpi.png 55527
OK 055 image-upscale -> image-upscaled.png 295946
OK 056 image-blur -> image-blurred.png 110022
OK 057 image-pixelate -> image-pixelated.png 7613
OK 058 image-invert -> image-inverted.png 62950
OK 059 image-posterize -> image-posterized.png 31694
OK 060 image-color-palette -> image-palette.json 969
OK 061 image-watermark -> image-watermarked.png 66445
OK 062 image-background-cleaner -> image-background-clean.png 66204
OK 063 image-auto-orient -> image-oriented.png 57295
OK 064 image-round-corners -> image-rounded.png 64719
OK 065 word-to-pdf -> doc.pdf 21623
OK 066 excel-to-pdf -> sheet.pdf 14808
OK 067 ppt-to-pdf -> slides.pdf 18285
OK 068 txt-to-pdf -> text.pdf 16316
OK 069 html-to-pdf -> page.pdf 19149
OK 070 markdown-to-html -> notes.html 278
OK 071 markdown-to-pdf -> notes.pdf 18175
OK 072 csv-to-xlsx -> data.xlsx 4870
OK 073 csv-to-pdf -> data.pdf 17870
OK 074 bulk-certificate-maker -> InfinityConverter-Batch.zip 1518
OK 075 csv-merge-deduplicate -> InfinityConverter-Merged.csv 32
OK 076 lms-question-bank-formatter -> question-gift.txt 75
OK 077 docx-to-text -> doc.txt 68
OK 078 docx-to-html -> doc.html 260
OK 079 xlsx-to-csv -> sheet.csv 32
OK 080 xlsx-to-json -> sheet.json 127
OK 081 pptx-to-text -> slides.txt 52
OK 082 csv-to-json -> data.json 98
OK 083 json-to-csv -> data.csv 32
OK 084 json-to-xlsx -> data.xlsx 4875
OK 085 xml-to-json -> data.json 116
OK 086 text-to-json -> text.json 141
OK 087 docx-to-markdown -> doc.md 51
OK 088 docx-table-to-csv -> doc-tables.csv 23
OK 089 xlsx-to-html -> sheet.html 195
OK 090 xlsx-summary -> sheet-summary.json 93
OK 091 csv-to-markdown -> data.md 61
OK 092 csv-statistics -> data-stats.json 267
OK 093 json-to-html -> data.html 261
OK 094 html-to-text -> page.txt 21
OK 095 markdown-to-text -> notes.txt 22
OK 096 pptx-to-markdown -> slides.md 51
OK 097 pdf-ocr -> doc-ocr.txt 451
OK 098 image-ocr -> image-ocr.txt 127
OK 099 ocr-image-to-pdf -> image-searchable.pdf 52371
OK 100 ocr-pdf-to-searchable -> doc-searchable.pdf 123672
OK 101 ocr-image-to-json -> image-ocr.json 2379
OK 102 ocr-pdf-to-json -> doc-ocr.json 571
OK 103 ocr-pdf-page-texts -> InfinityConverter-Batch.zip 488
OK 104 ocr-image-numbers -> image-numbers.txt 22
OK 105 ocr-image-emails -> image-emails.txt 17
OK 106 ocr-image-urls -> image-urls.txt 20
OK 107 ocr-image-table-csv -> image-table.csv 127
OK 108 ocr-image-clean-text -> image-clean.txt 128
OK 109 ocr-image-to-html -> image-ocr.html 181
OK 110 ocr-image-to-markdown -> image-ocr.md 142
OK 111 ocr-pdf-to-markdown -> doc-ocr.md 428
OK 112 ocr-pdf-to-csv -> doc-ocr.csv 415
OK 113 ocr-image-to-csv -> image-ocr.csv 159
OK 114 ocr-receipt-fields -> image-receipt.json 90
OK 115 ocr-invoice-fields -> image-invoice.json 206
OK 116 ocr-text-deduplicate -> image-ocr-clean.txt 124
OK 117 ocr-entities -> image-entities.json 118
OK 118 ocr-language-report -> image-language.json 69
OK 119 zip-create -> InfinityConverter-Archive.zip 106438
OK 120 zip-extract -> InfinityConverter-Batch.zip 301
OK 121 tar-create -> InfinityConverter-Archive.tar 7577600
OK 122 tar-extract -> InfinityConverter-Batch.zip 167
OK 123 gzip-compress -> data.gz 52
OK 124 gzip-decompress -> text-decompressed.txt 61
OK 125 zip-list -> archive-zip.json 374
OK 126 zip-integrity -> archive-integrity.json 116
OK 127 zip-flatten -> InfinityConverter-Batch.zip 234
OK 128 tar-list -> archive-tar.json 105
OK 129 gzip-info -> text-gzip.json 86
OK 130 zip-to-tar -> archive.tar 10240
OK 131 bzip2-compress -> data.bz2 71
OK 132 bzip2-decompress -> text-decompressed.txt 61
OK 133 xz-compress -> data.xz 88
OK 134 xz-decompress -> text-decompressed.txt 61
OK 135 tar-gzip-create -> InfinityConverter-Archive.tar.gz 281
OK 136 tar-gzip-extract -> InfinityConverter-Batch.zip 167
OK 137 zip-duplicate-report -> archive-duplicates.json 38
OK 138 tar-integrity -> archive.tar-integrity.json 35
OK 139 tar-bzip2-create -> InfinityConverter-Archive.tar.bz2 291
OK 140 tar-bzip2-extract -> InfinityConverter-Batch.zip 167
OK 141 file-hash -> doc-hash.json 177
OK 142 file-info -> doc-info.json 127
OK 143 file-mime-report -> doc-mime.json 231
OK 144 text-statistics -> data-stats.json 124
OK 145 text-clean -> notes-clean.txt 28
OK 146 text-deduplicate -> data-deduplicated.txt 29
OK 147 text-sort -> data-sorted.txt 29
OK 148 filename-normalizer -> doc-filename.json 112
OK 149 csv-validator -> data-csv-report.json 72
OK 150 json-validator -> data-json-report.json 58
OK 151 number-list-analyzer -> text-numbers.json 107
OK 152 text-to-base64 -> text-base64.txt 85
OK 153 base64-decode -> base64-decoded.bin 14
OK 154 url-encode -> text-encoded.txt 79
OK 155 url-decode -> text-decoded.txt 61
OK 156 json-minify -> data-min.json 57
OK 157 text-diff -> InfinityConverter-Text-Diff.txt 47
OK 158 checksum-compare -> InfinityConverter-Checksum-Compare.json 182
OK 159 uuid-list-generator -> InfinityConverter-UUIDs.txt 370
OK 160 regex-extract -> data-matches.txt 21
OK 161 file-extension-report -> text-extension.json 149
OK 162 hex-encode -> text.hex.txt 122
RESULT 162/162 pass
